// Jest Snapshot v1, https://goo.gl/fbAQLP

exports[`Convertion should render correctly 1`] = `
ShallowWrapper {
  Symbol(enzyme.__root__): [Circular],
  Symbol(enzyme.__unrendered__): <Convertion />,
  Symbol(enzyme.__renderer__): Object {
    "batchedUpdates": [Function],
    "getNode": [Function],
    "render": [Function],
    "simulateError": [Function],
    "simulateEvent": [Function],
    "unmount": [Function],
  },
  Symbol(enzyme.__node__): Object {
    "instance": null,
    "key": undefined,
    "nodeType": "host",
    "props": Object {
      "children": Array [
        <div
          className="column"
        >
          <div>
            Input
          </div>
          <textarea
            className="input"
            cols="50"
            onChange={[Function]}
            placeholder="Copy past a json file here..."
            rows="4"
          />
        </div>,
        <div
          className="column"
        >
          <div>
            Output
          </div>
          <textarea
            className="output"
            cols="50"
            onChange={[Function]}
            rows="4"
          >
            <pre />
          </textarea>
        </div>,
      ],
      "className": "containerConvertion",
    },
    "ref": null,
    "rendered": Array [
      Object {
        "instance": null,
        "key": undefined,
        "nodeType": "host",
        "props": Object {
          "children": Array [
            <div>
              Input
            </div>,
            <textarea
              className="input"
              cols="50"
              onChange={[Function]}
              placeholder="Copy past a json file here..."
              rows="4"
            />,
          ],
          "className": "column",
        },
        "ref": null,
        "rendered": Array [
          Object {
            "instance": null,
            "key": undefined,
            "nodeType": "host",
            "props": Object {
              "children": "Input",
            },
            "ref": null,
            "rendered": "Input",
            "type": "div",
          },
          Object {
            "instance": null,
            "key": undefined,
            "nodeType": "host",
            "props": Object {
              "className": "input",
              "cols": "50",
              "onChange": [Function],
              "placeholder": "Copy past a json file here...",
              "rows": "4",
              "value": undefined,
            },
            "ref": null,
            "rendered": null,
            "type": "textarea",
          },
        ],
        "type": "div",
      },
      Object {
        "instance": null,
        "key": undefined,
        "nodeType": "host",
        "props": Object {
          "children": Array [
            <div>
              Output
            </div>,
            <textarea
              className="output"
              cols="50"
              onChange={[Function]}
              rows="4"
            >
              <pre />
            </textarea>,
          ],
          "className": "column",
        },
        "ref": null,
        "rendered": Array [
          Object {
            "instance": null,
            "key": undefined,
            "nodeType": "host",
            "props": Object {
              "children": "Output",
            },
            "ref": null,
            "rendered": "Output",
            "type": "div",
          },
          Object {
            "instance": null,
            "key": undefined,
            "nodeType": "host",
            "props": Object {
              "children": <pre />,
              "className": "output",
              "cols": "50",
              "onChange": [Function],
              "rows": "4",
              "value": undefined,
            },
            "ref": null,
            "rendered": Object {
              "instance": null,
              "key": undefined,
              "nodeType": "host",
              "props": Object {},
              "ref": null,
              "rendered": null,
              "type": "pre",
            },
            "type": "textarea",
          },
        ],
        "type": "div",
      },
    ],
    "type": "div",
  },
  Symbol(enzyme.__nodes__): Array [
    Object {
      "instance": null,
      "key": undefined,
      "nodeType": "host",
      "props": Object {
        "children": Array [
          <div
            className="column"
          >
            <div>
              Input
            </div>
            <textarea
              className="input"
              cols="50"
              onChange={[Function]}
              placeholder="Copy past a json file here..."
              rows="4"
            />
          </div>,
          <div
            className="column"
          >
            <div>
              Output
            </div>
            <textarea
              className="output"
              cols="50"
              onChange={[Function]}
              rows="4"
            >
              <pre />
            </textarea>
          </div>,
        ],
        "className": "containerConvertion",
      },
      "ref": null,
      "rendered": Array [
        Object {
          "instance": null,
          "key": undefined,
          "nodeType": "host",
          "props": Object {
            "children": Array [
              <div>
                Input
              </div>,
              <textarea
                className="input"
                cols="50"
                onChange={[Function]}
                placeholder="Copy past a json file here..."
                rows="4"
              />,
            ],
            "className": "column",
          },
          "ref": null,
          "rendered": Array [
            Object {
              "instance": null,
              "key": undefined,
              "nodeType": "host",
              "props": Object {
                "children": "Input",
              },
              "ref": null,
              "rendered": "Input",
              "type": "div",
            },
            Object {
              "instance": null,
              "key": undefined,
              "nodeType": "host",
              "props": Object {
                "className": "input",
                "cols": "50",
                "onChange": [Function],
                "placeholder": "Copy past a json file here...",
                "rows": "4",
                "value": undefined,
              },
              "ref": null,
              "rendered": null,
              "type": "textarea",
            },
          ],
          "type": "div",
        },
        Object {
          "instance": null,
          "key": undefined,
          "nodeType": "host",
          "props": Object {
            "children": Array [
              <div>
                Output
              </div>,
              <textarea
                className="output"
                cols="50"
                onChange={[Function]}
                rows="4"
              >
                <pre />
              </textarea>,
            ],
            "className": "column",
          },
          "ref": null,
          "rendered": Array [
            Object {
              "instance": null,
              "key": undefined,
              "nodeType": "host",
              "props": Object {
                "children": "Output",
              },
              "ref": null,
              "rendered": "Output",
              "type": "div",
            },
            Object {
              "instance": null,
              "key": undefined,
              "nodeType": "host",
              "props": Object {
                "children": <pre />,
                "className": "output",
                "cols": "50",
                "onChange": [Function],
                "rows": "4",
                "value": undefined,
              },
              "ref": null,
              "rendered": Object {
                "instance": null,
                "key": undefined,
                "nodeType": "host",
                "props": Object {},
                "ref": null,
                "rendered": null,
                "type": "pre",
              },
              "type": "textarea",
            },
          ],
          "type": "div",
        },
      ],
      "type": "div",
    },
  ],
  Symbol(enzyme.__options__): Object {
    "adapter": ReactSixteenAdapter {
      "options": Object {
        "enableComponentDidUpdateOnSetState": true,
        "lifecycles": Object {
          "componentDidUpdate": Object {
            "onSetState": true,
          },
          "getDerivedStateFromProps": true,
          "getSnapshotBeforeUpdate": true,
          "setState": Object {
            "skipsComponentDidUpdateOnNullish": true,
          },
        },
      },
    },
    "attachTo": undefined,
    "hydrateIn": undefined,
  },
}
`;
